>TP53::chr17:7687546-7688546(-)
CTTCTGGGAGTAGGCAGAAGACTCCCGGGAGGAGAGGCGAACAGCGGACGCCAATTCTTTTGAAAGCACTGTGTTCCTTAGCACCGCGGGTCGCTACGGGCCTCTTGCTGTCGCGGGATTTCGGTCCACCTTCCGATTGGGCCGCCGCATCCCGGATCAGATTTCGCGGGCGACCCACGGAACCCGCGGAGCCGGGACGTGAAAGGTTAGAAGGTTTCCCGTTCCCATCAAGCCCTAGGGCTCCTCGTGGCTGCTGGGAGTTGTAGTCTGAACGCTTCTATCTTGGCGAGAAGCGCCTACGCTCCCCCTACCGAGTCCCGCGGTAATTCTTAAAGCACCTGCACCGCCCCCCCGCCGCCTGCAGAGGGCGCAGCAGGTCTTGCACCTCTTCTGCATCTCATTCTCCAGGCTTCAGACCTGTCtccctcattcaaaaaatatttattatcgagctcttacttgctacccagcactgatataggcactcaggaatacaacaatgaataagatagtagaaaaattctatatcctcataaggcttacgtttccatgtactgaaagcaatgaacaaataaatcttatcagagtgataagggttgtgaaggagattaaataagatggtgtgatataaagtatctgggagaaaacgttagggtgtgatattacggaaagccttcctaaaaaatgacattttaacTGATGAGAAGAAAGGATCCAGCTGAGAGCAAACGCAAAAGCTTTCTTCCTTCCACCCTTCATATTTGACACAATGCAGGATTCCTCCAAAATGATTTCCACCAATTCTGCCCTCACAGCTCTGGCTTGCAGAATTTTCCACCCCAAAATGTTAGTATCTACGGCACCAGGTCGGCGAGAATCCTGACTCTGCACCCTCCTCCCCAACTCCATTTCCTTTGCTTCCTCCGGCAGGCGGATTACTTGCCCTTACTTGTCATGGCGACTGTCCAGCTTTGTGCCAGGAGCCTCGCAGGGGTTGATG
Successfully extracted sequences for 1 genes
