>TP53::chr17:7687546-7688546(-)
CTTCTGGGAGTAGGCAGAAGACTCCCGGGAGGAGAGGCGAACAGCGGACGCCAATTCTTTTGAAAGCACTGTGTTCCTTAGCACCGCGGGTCGCTACGGGCCTCTTGCTGTCGCGGGATTTCGGTCCACCTTCCGATTGGGCCGCCGCATCCCGGATCAGATTTCGCGGGCGACCCACGGAACCCGCGGAGCCGGGACGTGAAAGGTTAGAAGGTTTCCCGTTCCCATCAAGCCCTAGGGCTCCTCGTGGCTGCTGGGAGTTGTAGTCTGAACGCTTCTATCTTGGCGAGAAGCGCCTACGCTCCCCCTACCGAGTCCCGCGGTAATTCTTAAAGCACCTGCACCGCCCCCCCGCCGCCTGCAGAGGGCGCAGCAGGTCTTGCACCTCTTCTGCATCTCATTCTCCAGGCTTCAGACCTGTCtccctcattcaaaaaatatttattatcgagctcttacttgctacccagcactgatataggcactcaggaatacaacaatgaataagatagtagaaaaattctatatcctcataaggcttacgtttccatgtactgaaagcaatgaacaaataaatcttatcagagtgataagggttgtgaaggagattaaataagatggtgtgatataaagtatctgggagaaaacgttagggtgtgatattacggaaagccttcctaaaaaatgacattttaacTGATGAGAAGAAAGGATCCAGCTGAGAGCAAACGCAAAAGCTTTCTTCCTTCCACCCTTCATATTTGACACAATGCAGGATTCCTCCAAAATGATTTCCACCAATTCTGCCCTCACAGCTCTGGCTTGCAGAATTTTCCACCCCAAAATGTTAGTATCTACGGCACCAGGTCGGCGAGAATCCTGACTCTGCACCCTCCTCCCCAACTCCATTTCCTTTGCTTCCTCCGGCAGGCGGATTACTTGCCCTTACTTGTCATGGCGACTGTCCAGCTTTGTGCCAGGAGCCTCGCAGGGGTTGATG
>BRCA1::chr17:43170245-43171245(-)
CGGCTCTGCCGCTATCCCTGTGGGGTGAATCTAACATGGCGGATAAAGACAGTAACTAGTCCCCTGTTTCTCCGAGTGTTCGCCAAGATGATTGGCTCTCACCACTTGTCCCTCAAAACGACCACGCCATTGATTGGTGGAGATTGCGTCGATGGGGCGGGGCAGAAGCAACCTGAACCCGAACAACAATAACAAACATTGAGGCTGAGGGGCGGAACTAGGAGTGCGCAGATGTGGGCCAGAGCGGATTTCCCCTTCCCCAGGCAAATTCGGCGCCCACTGCGTCCCCGCAGGCCACTGACCTTAGAGGACTACTTGCCCGAGACTCGTGGGGCTGGATGGGAATCGTAGTCTTCCTAGGAGTTGTAGGTATCTTTTTTTGGCCTAGTCTCTGCTCTCAAGATAGGAGAACATAACAACACTCCAATCCATTACTGTTGACATGTATAAGCCCGCGGAGGTCTCCAATCTATCCACTGGATTTCCGTGAGAATTGTGCCCGCTTTGGTATTGGATGTTCCTCTCCATAAGACTACAGTTTCCAAGGAACAGTGTGGCCAAGGCCTTTCGTTCCGCAATGCATGTTGGAAATAGTAGTTCTTTCCCTCCACCTCCCAACAATCCTTTTATTTACCTAAACTGGAGACCTCCATTAGGGCGGAAAGAGTGGGGTAATGGGACCTCTTCTTAAGACTGCTTTGGACACTATCTTACGCTGATATTCAGGCCTCAGGTGGCGATTCTGACCTTGGTACAGCAATTACTGTGACGTAATAAGCCGCAACTGGAAGCGTAGAGGCGAGAGGGCGGGCGCTTTACGGCGAACTCAGGTAGAATTCTTCCTTTTCCGTCTCTTTCTTTTTATGTCACCAGGGGAGGACTGGGTGGCCAACCCAGAGCCCCGAGAGATGCTAGGCTCTTTCTGTCCCGCCCTTCCTCTGACTGTGTCTTGATTTCCTATTCTGAGAGGCTATTGCTCAGCGGTTTCCGTGGCAACAGT
>PTEN::chr10:87861638-87862638(+)
TTGACAGGTTTGTTCTGGGCTGACGGCCATTGACTAGGTTCTCAGACCAGATAAGTCACTTGGCTGAGTCCACAGTAGGTGGGGCGCGCTCACCAGCTCAGGGGTAGTGACTGGACGTTTGTTGCAACATCGGAGAATGCACGCTCTGGGCTGCAGCAGGAGATACCCTCAAGCACAGAACCAAAAGGGTTCACCCTAAGCGGCAGGGCATCAGCGATGGAGAGGCCCGAGAGCCCTAGCGCCCAGCTCCTTTTCCCACGTTTGGGAAGGCGCAGAATAGGTCGATGTAGAGCAAGGAGTGAGTCTCAGGTCTCAGTCCTTTGGCTTGCTCTTAGGGTAGCAGGCGAGGAGTGGCACCAGTTTGGGGACTCTCTCCCCGCGTTCTGTAAGAATCGGCGGCAGCCAGCAGGCGGGGAGGCGGGGGCACGTGTTTGGATGTGGGTGCTTGTGTAACCAGTTCCCCAAGCGCCAGCCCCGACAGCGCTCCTTCGGGAGGCTGGTCCGAGCCCCTGTTTCCGCCGCGGCGCAGGAAGGGTTGGGGTTCCGCTGCCTGCACCAGGCAAGAGCACCCCGAGCAAAGGAAGAAGACGACTTGCCTCCGGAGCTATCACTGGGGAGTGGGAATTTGGAAAGTTCCCCAACTAGGGACACACGTGACCTCCTTCGGAAAGTAGTTCCGACTGTGGCCCGTGTATCCTTCCACCTCCTTTTGAACCCTCCTAGGTCTCCTCGCCCCGCCCACTCGCTGGGCTGCAGCTTCCTACCGTTCCGTACTTTCCACTCAACCCGGTAACCCCAAACGTGCACGGTCCGGCCGGGGCGCGCGGAGCCTGGCCCCGGGCGATCCATCCTGCCGGGTTTTCACGGCGGCCAAGGGGGGGCGGGGCTAGGTGGTCTCTGAGAACCGAGCTTGACTCCGACGCCGCGAACCGACCTGGAGCCCGAGGGGAAAGATGCTCGACTCTCTTGGGGGCACCGGAGCGGGCGCAGGAGAGGCCTG
Successfully extracted sequences for 3 genes
