Warning: No TSS found for gene: FAKE_GENE_XYZ
Error: No valid regions found for any of the input genes
