>TP53::chr17:7687546-7692546(-)
ttggttcaagtaattctcctgcctcagactccagagtagctgggattacaggcgcccgccaccacgcccagctaattttttgtatttttaatagagatggggtttcatcatgttggccaggctggtctcgaactcctgacctcaggtgatccacctgcctcagcctcccaaagtgctgggattacaggagtcagccaccgcacccagccccaactaatttttgtatttgagtagagacagggttttaccatgttggccaggctggtctaaaactcttcacctcaggtgatccacccatctcagcctcccaaagtgttgggattacaggcgtgagccaccgtgcctggccCTGGATTTCACTCTTGCCCACCCATAAACCATTCACTCTTCTGTTTTAAAACTCTCTTggccgggcgcagtggctcatgcctgtaatcccagcactttgggaggccaaggtgggcagatcacaaggtcaggagttcgagaccagcctggccaatatgatgaaccccccatctctactaaaaaaatacaaaaaaattagccgggtgtggtggcacatgcctgtaatcccagctactcggaaggttgaggcaggagaatcacttaaacctgggaggcggaggttgcggtgagctgagatggtgccactgcactccagcctggacaacagagcaagactctgtctcaaacaaacaaacaaaaaaaaCCTCTCTCATggcctggcatggtggctcacgcctgtaatcctagcactttggaaggctgaggcaggtggatcacctgaggtcaggagtttgagaccagccaggccaacgtggcaaaacctgtctctactaaaaatacaaaaattaAgccaggcgcggtggctcatgcctataatcccagcactttgggaggccgagaccggcggatcaaatgtcaggagtacgagaccatcctggccaatatggtaaaaccccgtctctatttaaaaaaatacaaaaattagctgggcatggtggcgggtgcctgtaatcccagctactcgggaggctgaggcaggagaatcgcttgaatccaggaggcagaggttgcagtgagccgagatcacgccattgcactccagcctgggcgacagagcaagactcgtctcaaaaaaaaaaaaaaaaCACctctctcatgacttcccaaataaactccaaatgccttacccataagaaccaacacgacgtggctgctcttctctgtcctcacccctctgtccccctcacttgcctcagtctggctataccagcattctgggttttttgttttgtgtttgtttgtttgtttgtttgtttgtttgtttgttttgggatggagtctcactctgtcacccaggctggagtgcagtgacatgatcttggctcactgcaacctccatctcctgggttcaaatgattcttctgcttcagcctctcaagtagctgggattacaggcacccaccatcacacccagctaatttttgtatttttgtagagatgaggttttgccatgttggccaggctggtctcaaactcttgacctcaggtgatctgcccacctcagcctcccaaagtgctgggattacaggtgtgagccactgagcccagtcTGttttgttgttttttgagatggagtctcactctgtcgcccaggctggagtgcagtggtacaattttgtctgactgcagcctccacctcctgagtttaagagattctcctgcctcagccacacaagtagctgggattacaggcgcgtgccaccacatgcgtctaattttggtatttttagtagcgatggggttttgccatattggccaggctggtctcgaactcctggcctcaagtgatctgcacacctcggcctcctgagtagctgggattacaggcgtgagccaccatgcagggcctttctggtcttttaacgcacaaagctatttcccagttctgggtgtttatagtatcattgccagttcctggaaagctctttccagaagccttcacatgactgatcccttatcctccttcaggtcttagctcaaatgcctccttttcagagagctccttcctgaccattttatgcaatgtgctttcctctagttagtctctcttcattctgtgtatttccttcagagcatttatcatcatcttggtcctgatgcttgctggtttacatgtttgttgtctgtctcccacacagaaagcaaaccagcccttcatctgtcttgtccaccactttatcccagcacagtgactaacatatatcagtagtcaatcaataaataGCTATAAgccaggcacggtgactcacacctgtgatccccgcactttgggaggccaaggtgggcggatcctctgaggtcaggaatttgatatcagcctgcccaacatggcgaaaccccgtctctactaaaactataaaaattagtcgagtgtgatggcgtgcgcctgtaataccagctacttgtgaggctgaggcaggagaatcgcttgaacccgggaggcagaggttgcagtgagccgagatcacaccacagcactccagcctgggtgacagagcaagaccttgtctcaaaaaaataagaaatagaaaTATATATATGCTGCCACAAGAAATTCACTACTTTTTAGCAAAAAACACAGATTCCTAATTAAAGAAAGGGGAAACCTCTCTCTAAATAACTTCAGAATTCGGGGCAGAAAACGCTACATGTGGAAACTCGTCTTGAAAAACAGTCCCGTTTGTGAACAGGAAACACTTGGACTACACTTTTTCCATCTCCACGAAGGACTTAAATGTGCAGCATTGATGAAGAGGCAGTTAGCCCCAGTCCTTACCATTTCTGCATATTCCACCTGCTCCCCCTCATGGTACAGCTCTGGGGGCAGGTTATAAATTCGCAAGATGTTATCAGCACTATTGGTCAAGATGCAGGAACCGTCAGGAGCCCTAGAAACAGGGGAGAGTTAGAAAGCTGGCCAGACCTATGCTTTTCAAGTGTAGGGCTAGGGCTGAGCCTGCCTCTGGGGTAGGTAAGCCCCCCTGAATCCTTGAGGGAAGTAGAAGACACAAACTGCTAGATAAAATGTAAGCTCAGTCTAAAAGGGCTACGTGCCGCTTCTCCCAGCTCTGGGGCATCCCTCTCCTAGAAAACTGGACTGTTTTACAGTGAAAATCTCGGGGGTGGTCAGCTCCCTGCCCCGTTGTTATCCTTACCACTTACAGCCTTTCAAGAAGTTCTCAGGTTGGGTGCTGAACTCTGACCAGGAACCACTGAGAAATCGAGGCAGCTGGGAGAAGCTGTAGTTCCAAGCGCTGAAAGGAAGATGGGGGACAATAAACCTGGGTCGCCAAGCAAAGGGGGCAGAGGCCTGGAGAAGTGGGTCTCAGGACCAGAGGACAGATCGACCTCACACTTCATCTCCCCAGACTCCACACTCCACTGCCATCACCACTTACGTGTCTCCCTCGTCCTCTGCAGCGGGTTCCCCAGAGGTATCTTCCATGGCTTTTCCAGACCCCAACTCTGGCCCGTTCGCTTCTTCTTCAGAAAGGCTCCCGTTTGCTTCTTCTGCAGGAAGGCTTGTATTTTCAGAAAGTTCTTGCTCCTCGATTCGAGGACTCAACTCACTAGGGGAACCAAACTCTGTTTCCAGGGGAGTGGAGAGAGAAACTGGGTCCCCCTCCCGTAGCTCCTGGGACACAGCTGAGCCAGCCACAGGATCTGGGGACAACCGGGGCGGATCCCCCCTTTCGGGAGGCGGTGGCATCAGTTCAGAGTCCGCATTTTTATTCATCGGGGAAGCGTGGGGAGAAGGATGGGCTGGAGCTGGGTCCTGGTCTGAAGGACAGCAGTCCGGAGCTAACGGTTGAGTCTCCAAAGTCTTCATACTGCAGAGGAAGCACAGCGGAGATTAGCCTCAGCCAGGATGGCTTCGAAGTTCTCAGGGATCCGACGCAGAGCTAAAGAAACCCACCTGTGCTTCCCTCCTCTTCTGGGAGTAGGCAGAAGACTCCCGGGAGGAGAGGCGAACAGCGGACGCCAATTCTTTTGAAAGCACTGTGTTCCTTAGCACCGCGGGTCGCTACGGGCCTCTTGCTGTCGCGGGATTTCGGTCCACCTTCCGATTGGGCCGCCGCATCCCGGATCAGATTTCGCGGGCGACCCACGGAACCCGCGGAGCCGGGACGTGAAAGGTTAGAAGGTTTCCCGTTCCCATCAAGCCCTAGGGCTCCTCGTGGCTGCTGGGAGTTGTAGTCTGAACGCTTCTATCTTGGCGAGAAGCGCCTACGCTCCCCCTACCGAGTCCCGCGGTAATTCTTAAAGCACCTGCACCGCCCCCCCGCCGCCTGCAGAGGGCGCAGCAGGTCTTGCACCTCTTCTGCATCTCATTCTCCAGGCTTCAGACCTGTCtccctcattcaaaaaatatttattatcgagctcttacttgctacccagcactgatataggcactcaggaatacaacaatgaataagatagtagaaaaattctatatcctcataaggcttacgtttccatgtactgaaagcaatgaacaaataaatcttatcagagtgataagggttgtgaaggagattaaataagatggtgtgatataaagtatctgggagaaaacgttagggtgtgatattacggaaagccttcctaaaaaatgacattttaacTGATGAGAAGAAAGGATCCAGCTGAGAGCAAACGCAAAAGCTTTCTTCCTTCCACCCTTCATATTTGACACAATGCAGGATTCCTCCAAAATGATTTCCACCAATTCTGCCCTCACAGCTCTGGCTTGCAGAATTTTCCACCCCAAAATGTTAGTATCTACGGCACCAGGTCGGCGAGAATCCTGACTCTGCACCCTCCTCCCCAACTCCATTTCCTTTGCTTCCTCCGGCAGGCGGATTACTTGCCCTTACTTGTCATGGCGACTGTCCAGCTTTGTGCCAGGAGCCTCGCAGGGGTTGATG
Successfully extracted sequences for 1 genes
